.........######.#.........................########..
.........#....#.#..........#..............#...#.....
.........#..#####..........#..........######..#.....
.......#####..#.####.########.........#...#...######
.........#....#..#.#.......#..........#...#...#.....
.........#....#..#.#..#....#...#....#.#.#####.......
.........#....#..#.#..#....#...#...####...#.........
.........#....#..#....#..########..#..#...#.........
......#####...#..#....#....#...#...#......#####.....
.......#.........#....#.....#########.........#.....
.....#########...#..#########..#..............#.....
.......#.....#......#.#......#######C.........#.....
.......#.....########.#........#..............#.....

.........SAFARI.O.........................EDIFIERS..
.........V....R.P..........P..............L...R.....
.........E..MARIA..........I..........ISSUES..I.....
.......IONIC..I.LASE.SILLIEST.........G...G...STREEP
.........G....T..I.S.......C..........N...I...H.....
.........A....A..R.T..D....I...P....L.O.SWARM.......
.........L....N..F.O..A....N...R...DEER...C.........
.........I....T..I....Y..ARABITOL..Y..E...A.........
......AMUSE...S..E....L....E...T...E......LEASE.....
.......E.........L....I.....SOLITAIRE.........V.....
.....PRECLUDES...D..LEGIONARY..S..............E.....
.......T.....E......I.H......SATURNIC.........N.....
.......S.....TREMBLED.T........A..............T.....
